[2026-05-17 19:46:18] === Pornire Scheduler Automatizare Rapoarte ===
[2026-05-17 19:46:18] Ciclu 1 pornit - Generare Raport Activitate Medici
[2026-05-17 19:46:19] Ciclu 1 FINALIZAT CU SUCCES (OK)
[2026-05-17 19:46:24] Ciclu 2 pornit - Generare Raport Activitate Medici
[2026-05-17 19:46:25] Ciclu 2 FINALIZAT CU SUCCES (OK)
[2026-05-17 19:46:30] Ciclu 3 pornit - Generare Raport Activitate Medici
[2026-05-17 19:46:31] Ciclu 3 FINALIZAT CU SUCCES (OK)
[2026-05-17 19:46:36] Ciclu 4 pornit - Generare Raport Activitate Medici
[2026-05-17 19:46:38] Ciclu 4 FINALIZAT CU SUCCES (OK)
[2026-05-17 19:46:43] Ciclu 5 pornit - Generare Raport Activitate Medici
[2026-05-17 19:46:44] Ciclu 5 FINALIZAT CU SUCCES (OK)
[2026-05-17 19:46:44] === Oprire Scheduler Automatizare - Toate ciclurile procesate ===
[2026-05-17 19:56:03] === Pornire Scheduler Automatizare Rapoarte ===
[2026-05-17 19:56:03] Ciclu 1 pornit - Generare Raport Activitate Medici
[2026-05-17 19:56:04] Ciclu 1 FINALIZAT CU SUCCES (OK)
[2026-05-17 19:56:09] Ciclu 2 pornit - Generare Raport Activitate Medici
[2026-05-17 19:56:10] Ciclu 2 FINALIZAT CU SUCCES (OK)
[2026-05-17 19:56:15] Ciclu 3 pornit - Generare Raport Activitate Medici
[2026-05-17 19:56:16] Ciclu 3 FINALIZAT CU SUCCES (OK)
[2026-05-17 19:56:21] Ciclu 4 pornit - Generare Raport Activitate Medici
[2026-05-17 19:56:22] Ciclu 4 FINALIZAT CU SUCCES (OK)
[2026-05-17 19:56:27] Ciclu 5 pornit - Generare Raport Activitate Medici
[2026-05-17 19:56:28] Ciclu 5 FINALIZAT CU SUCCES (OK)
[2026-05-17 19:56:28] === Oprire Scheduler Automatizare - Toate ciclurile procesate ===
[2026-05-17 20:01:17] === Pornire Scheduler Automatizare Rapoarte ===
[2026-05-17 20:01:17] Ciclu 1 pornit - Generare Raport Activitate Medici
[2026-05-17 20:01:18] Ciclu 1 FINALIZAT CU SUCCES (OK)
[2026-05-17 20:01:36] === Pornire Scheduler Automatizare Rapoarte ===
[2026-05-17 20:01:36] Ciclu 1 pornit - Generare Raport Activitate Medici
[2026-05-17 20:01:37] Ciclu 1 FINALIZAT CU SUCCES (OK)
[2026-05-17 20:01:42] Ciclu 2 pornit - Generare Raport Activitate Medici
[2026-05-17 20:01:43] Ciclu 2 FINALIZAT CU SUCCES (OK)
[2026-05-17 20:01:48] Ciclu 3 pornit - Generare Raport Activitate Medici
[2026-05-17 20:01:49] Ciclu 3 FINALIZAT CU SUCCES (OK)
[2026-05-17 20:01:54] Ciclu 4 pornit - Generare Raport Activitate Medici
[2026-05-17 20:01:55] Ciclu 4 FINALIZAT CU SUCCES (OK)
[2026-05-17 20:02:00] Ciclu 5 pornit - Generare Raport Activitate Medici
[2026-05-17 20:02:01] Ciclu 5 FINALIZAT CU SUCCES (OK)
[2026-05-17 20:02:01] === Oprire Scheduler Automatizare - Toate ciclurile procesate ===
[2026-05-17 20:34:11] === Pornire Scheduler Automatizare Rapoarte ===
[2026-05-17 20:34:11] Ciclu 1 pornit - Generare Raport Activitate Medici
[2026-05-17 20:34:12] Ciclu 1 FINALIZAT CU SUCCES (OK)
[2026-05-17 20:34:17] Ciclu 2 pornit - Generare Raport Activitate Medici
[2026-05-17 20:36:55] === Pornire Scheduler Automatizare Rapoarte ===
[2026-05-17 20:36:55] Ciclu 1 pornit - Generare Raport Activitate Medici
[2026-05-17 20:36:56] Ciclu 1 FINALIZAT CU SUCCES (OK)
[2026-05-17 20:37:25] === Pornire Scheduler Automatizare Rapoarte ===
[2026-05-17 20:37:25] Ciclu 1 pornit - Generare Raport Activitate Medici
[2026-05-17 20:37:26] Ciclu 1 FINALIZAT CU SUCCES (OK)
[2026-05-17 20:37:31] Ciclu 2 pornit - Generare Raport Activitate Medici
[2026-05-17 20:37:32] Ciclu 2 FINALIZAT CU SUCCES (OK)
[2026-05-17 20:37:37] Ciclu 3 pornit - Generare Raport Activitate Medici
[2026-05-17 20:37:38] Ciclu 3 FINALIZAT CU SUCCES (OK)
[2026-05-17 20:37:43] Ciclu 4 pornit - Generare Raport Activitate Medici
[2026-05-17 20:37:44] Ciclu 4 FINALIZAT CU SUCCES (OK)
[2026-05-17 20:37:49] Ciclu 5 pornit - Generare Raport Activitate Medici
[2026-05-17 20:37:50] Ciclu 5 FINALIZAT CU SUCCES (OK)
[2026-05-17 20:37:50] === Oprire Scheduler Automatizare - Toate ciclurile procesate ===
[2026-05-17 21:13:17] === Pornire Scheduler Automatizare Rapoarte ===
[2026-05-17 21:13:17] Ciclu 1 pornit - Generare Raport Activitate Medici
[2026-05-17 21:13:17] Ciclu 1 EȘUAT cu codul 1
[2026-05-17 21:13:17] === Oprire Scheduler Automatizare - Toate ciclurile procesate ===
